#domain
hospital
#levelname
MAthomasAppartment
#colors
red: 0, A, B, C
blue: 1, D, E, F, G
cyan: 2, H, I, J, K, L
purple: 3, M, N, O
#initial
                   +++++++++
                   +D      +
++++++++++++++++++++       +
+   C  +     +     +   E   +
+ A    +     +     +       +
+      +     +   3 +F   1  +
+   B  +     +     +       +
+                  +      G+
+++++++++O+ +++++++++  +++ +
+        N+          KL +  +
+        M+     I       +  +
+                   0   +  +
+   2        J          +  +
+         +             +  +
+         +      H      +  +
+         +             +  +
++++++++++++++++++++++++++++
#goal
                   +++++++++
                   +   DEFG+
++++++++++++++++++++       +
+      +     +MNO  +       +
+      +     +     +       +
+      +     +     +       +
+      +     +     +       +
+                  +       +
+++++++++ + +++++++++  +++ +
+         +             +  +
+         +             +  +
+                       +  +
+                       +  +
+         +             +C +
+         +             +B +
+HIJKL    +             +A +
++++++++++++++++++++++++++++
#end
#clientname
SearchClient
#actions
12192643015:Move(W)|NoOp|NoOp|NoOp
12193355124:NoOp|Move(W)|NoOp|NoOp
12193520110:NoOp|NoOp|Move(E)|NoOp
12193738102:NoOp|NoOp|NoOp|Move(W)
12193867457:Move(W)|NoOp|NoOp|NoOp
12194023303:NoOp|Move(N)|NoOp|NoOp
12194244749:NoOp|NoOp|Move(E)|NoOp
12194420205:NoOp|NoOp|NoOp|Move(W)
12194671282:Move(W)|NoOp|NoOp|NoOp
12194865962:NoOp|Push(N,N)|NoOp|NoOp
12195014745:NoOp|NoOp|Move(E)|NoOp
12195149729:NoOp|NoOp|NoOp|Move(W)
12195273564:Move(N)|NoOp|NoOp|NoOp
12195395662:NoOp|Push(N,E)|NoOp|NoOp
12195552256:NoOp|NoOp|Move(E)|NoOp
12195698812:NoOp|NoOp|NoOp|Move(S)
12195903160:Move(N)|NoOp|NoOp|NoOp
12196058128:NoOp|Push(E,N)|NoOp|NoOp
12196179743:NoOp|NoOp|Move(E)|NoOp
12196311855:NoOp|NoOp|NoOp|Move(S)
12196430031:Move(W)|NoOp|NoOp|NoOp
12196546352:NoOp|Move(W)|NoOp|NoOp
12196667603:NoOp|NoOp|Move(E)|NoOp
12196776844:NoOp|NoOp|NoOp|Move(W)
12196937472:Move(W)|NoOp|NoOp|NoOp
12197064884:NoOp|Move(W)|NoOp|NoOp
12197198171:NoOp|NoOp|Move(E)|NoOp
12197331680:NoOp|NoOp|NoOp|Move(W)
12197498811:Move(W)|NoOp|NoOp|NoOp
12197668474:NoOp|Move(W)|NoOp|NoOp
12197809831:NoOp|NoOp|Move(E)|NoOp
12197918791:NoOp|NoOp|NoOp|Move(W)
12198141802:Move(W)|NoOp|NoOp|NoOp
12198316190:NoOp|Move(W)|NoOp|NoOp
12198446350:NoOp|NoOp|Pull(N,W)|NoOp
12198555615:NoOp|NoOp|NoOp|Move(W)
12198741155:Move(W)|NoOp|NoOp|NoOp
12198867776:NoOp|Move(S)|NoOp|NoOp
12198979764:NoOp|Move(S)|NoOp|NoOp
12199137000:NoOp|NoOp|NoOp|Move(W)
12199296444:Move(W)|NoOp|NoOp|NoOp
12199423332:NoOp|Pull(E,N)|NoOp|NoOp
12199608557:NoOp|Pull(N,E)|NoOp|NoOp
12199728613:NoOp|Pull(E,N)|NoOp|NoOp
12199840106:Move(N)|NoOp|NoOp|NoOp
12199968115:NoOp|Pull(N,E)|NoOp|NoOp
12200108950:NoOp|NoOp|Pull(E,N)|NoOp
12200349120:NoOp|Pull(E,N)|NoOp|NoOp
12200468466:NoOp|Pull(S,E)|NoOp|NoOp
12200604314:NoOp|Push(N,E)|NoOp|NoOp
12200729069:NoOp|Push(E,E)|NoOp|NoOp
12200959607:NoOp|Push(E,N)|NoOp|NoOp
12201083187:Move(N)|NoOp|NoOp|NoOp
12201217564:NoOp|Move(S)|NoOp|NoOp
12201355611:NoOp|NoOp|Move(N)|NoOp
12201474586:NoOp|NoOp|NoOp|Pull(W,N)
12201589435:Move(W)|NoOp|NoOp|NoOp
12201697373:NoOp|Move(S)|NoOp|NoOp
12201847075:NoOp|Move(S)|NoOp|NoOp
12201978339:NoOp|Move(S)|NoOp|NoOp
12202187295:NoOp|Move(E)|NoOp|NoOp
12202397548:NoOp|Pull(W,N)|NoOp|NoOp
12202560914:NoOp|Push(E,N)|NoOp|NoOp
12202669938:NoOp|Push(N,N)|NoOp|NoOp
12202821245:NoOp|Push(N,N)|NoOp|NoOp
12202919858:NoOp|Push(N,N)|NoOp|NoOp
12203005707:NoOp|Push(N,N)|NoOp|NoOp
12203131025:NoOp|Move(W)|NoOp|NoOp
12203247149:NoOp|Move(W)|NoOp|NoOp
12203362704:NoOp|Move(W)|NoOp|NoOp
12203501521:NoOp|Move(N)|NoOp|NoOp
12203616407:NoOp|Move(W)|NoOp|NoOp
12203716336:NoOp|Move(W)|NoOp|NoOp
12203805462:NoOp|Pull(S,E)|NoOp|NoOp
12203888192:NoOp|Push(N,E)|NoOp|NoOp
12203969507:NoOp|Push(E,E)|NoOp|NoOp
12204066040:NoOp|NoOp|Move(S)|NoOp
12204156501:NoOp|NoOp|Pull(N,E)|NoOp
12204301650:NoOp|NoOp|Pull(E,N)|NoOp
12204474983:NoOp|NoOp|Move(E)|NoOp
12204704284:NoOp|NoOp|Push(E,S)|NoOp
12204888938:NoOp|NoOp|Push(S,W)|NoOp
12205121199:NoOp|NoOp|Push(W,W)|NoOp
12205240763:NoOp|NoOp|Push(W,W)|NoOp
12205352870:NoOp|NoOp|Push(W,W)|NoOp
12205488500:NoOp|NoOp|Pull(E,S)|NoOp
12205602691:NoOp|NoOp|Push(W,S)|NoOp
12205730591:NoOp|NoOp|Push(S,W)|NoOp
12205852432:NoOp|NoOp|Push(W,W)|NoOp
12205996924:NoOp|NoOp|Push(N,W)|NoOp
12206156281:NoOp|NoOp|Push(W,W)|NoOp
12206270439:NoOp|NoOp|Push(S,W)|NoOp
12206414122:NoOp|NoOp|Push(W,W)|NoOp
12206501900:NoOp|NoOp|Push(N,W)|NoOp
12206589877:NoOp|NoOp|Push(W,W)|NoOp
12206691222:NoOp|NoOp|Push(S,W)|NoOp
12206801770:NoOp|NoOp|Push(W,W)|NoOp
12206917348:NoOp|NoOp|Pull(E,S)|NoOp
12207033727:NoOp|NoOp|Pull(N,E)|NoOp
12207132401:NoOp|NoOp|NoOp|Push(E,N)
12207246145:NoOp|NoOp|Push(S,S)|NoOp
12207376009:NoOp|NoOp|Push(S,W)|NoOp
12207494704:NoOp|NoOp|Move(N)|NoOp
12207609085:NoOp|NoOp|NoOp|Push(N,E)
12207704350:Move(W)|NoOp|NoOp|NoOp
12207799035:NoOp|NoOp|Move(S)|NoOp
12207875747:NoOp|NoOp|Pull(N,E)|NoOp
12207980320:NoOp|NoOp|Pull(E,N)|NoOp
12208058101:Move(W)|NoOp|NoOp|NoOp
12208144139:NoOp|NoOp|Push(W,W)|NoOp
12208218850:NoOp|NoOp|Push(W,S)|NoOp
12208302759:NoOp|NoOp|NoOp|Push(E,S)
12208429617:Move(W)|NoOp|NoOp|NoOp
12208591649:NoOp|NoOp|Pull(E,N)|NoOp
12208733718:NoOp|NoOp|Move(N)|NoOp
12208846765:NoOp|NoOp|NoOp|Push(S,E)
12208947077:Move(W)|NoOp|NoOp|NoOp
12209023579:NoOp|NoOp|Move(S)|NoOp
12209174267:NoOp|NoOp|Push(W,S)|NoOp
12209316066:NoOp|NoOp|NoOp|Push(E,E)
12209405501:Move(N)|NoOp|NoOp|NoOp
12209504356:NoOp|NoOp|Pull(E,N)|NoOp
12209729742:NoOp|NoOp|Pull(N,E)|NoOp
12209860832:NoOp|NoOp|NoOp|Push(E,E)
12209995557:Move(W)|NoOp|NoOp|NoOp
12210122961:NoOp|NoOp|Push(S,S)|NoOp
12210209662:NoOp|NoOp|Pull(E,N)|NoOp
12210287670:NoOp|NoOp|NoOp|Push(E,E)
12210370217:Push(W,S)|NoOp|NoOp|NoOp
12210442869:NoOp|NoOp|Push(W,W)|NoOp
12210515378:NoOp|NoOp|Pull(N,E)|NoOp
12210586770:NoOp|NoOp|NoOp|Push(E,E)
12210731675:Move(N)|NoOp|NoOp|NoOp
12210944562:NoOp|NoOp|Push(S,S)|NoOp
12211060921:NoOp|NoOp|Pull(E,N)|NoOp
12211144975:NoOp|NoOp|NoOp|Push(E,N)
12211230800:Move(N)|NoOp|NoOp|NoOp
12211322217:NoOp|NoOp|Push(W,W)|NoOp
12211416169:NoOp|NoOp|Push(W,S)|NoOp
12211516403:NoOp|NoOp|NoOp|Pull(W,S)
12211629140:Pull(W,S)|NoOp|NoOp|NoOp
12211707384:NoOp|NoOp|Pull(E,N)|NoOp
12211782305:NoOp|NoOp|Pull(N,E)|NoOp
12211864914:NoOp|NoOp|NoOp|Push(E,E)
12211958632:Push(E,S)|NoOp|NoOp|NoOp
12212049014:NoOp|NoOp|Push(S,W)|NoOp
12212124070:NoOp|NoOp|Push(W,S)|NoOp
12212198575:NoOp|NoOp|NoOp|Push(E,N)
12212268076:Push(S,S)|NoOp|NoOp|NoOp
12212348968:NoOp|NoOp|Pull(E,N)|NoOp
12212420624:NoOp|NoOp|Move(N)|NoOp
12212501420:NoOp|NoOp|NoOp|Push(N,N)
12212609199:Push(S,E)|NoOp|NoOp|NoOp
12212684193:NoOp|NoOp|Move(S)|NoOp
12212752194:NoOp|NoOp|Pull(N,E)|NoOp
12212828894:NoOp|NoOp|NoOp|Pull(W,S)
12212901692:Push(S,E)|NoOp|NoOp|NoOp
12212971117:NoOp|NoOp|Push(S,S)|NoOp
12213117702:NoOp|NoOp|Pull(E,N)|NoOp
12213277170:NoOp|NoOp|NoOp|Pull(S,W)
12213368047:Push(E,E)|NoOp|NoOp|NoOp
12213438870:NoOp|NoOp|Push(W,W)|NoOp
12213508022:NoOp|NoOp|Push(W,S)|NoOp
12213582627:NoOp|NoOp|NoOp|Push(N,N)
12213666366:Pull(W,S)|NoOp|NoOp|NoOp
12213787430:NoOp|NoOp|Pull(E,N)|NoOp
12213887452:NoOp|NoOp|Pull(N,E)|NoOp
12213989955:NoOp|NoOp|NoOp|Push(N,E)
12214100917:NoOp|NoOp|Push(S,S)|NoOp
12214264007:NoOp|NoOp|Push(S,W)|NoOp
12214597956:NoOp|NoOp|Move(N)|NoOp
12214732449:NoOp|NoOp|NoOp|Push(E,N)
12214805210:NoOp|NoOp|Move(S)|NoOp
12214872604:NoOp|NoOp|Pull(N,E)|NoOp
12214974411:NoOp|NoOp|Pull(E,N)|NoOp
12215054537:NoOp|NoOp|NoOp|Push(N,N)
12215144189:NoOp|NoOp|Push(W,S)|NoOp
12215219039:NoOp|NoOp|Push(S,W)|NoOp
12215285703:NoOp|NoOp|Move(N)|NoOp
12215355930:NoOp|NoOp|NoOp|Move(S)
12215431257:NoOp|NoOp|Move(S)|NoOp
12215496551:NoOp|NoOp|Pull(N,E)|NoOp
12215567645:NoOp|NoOp|Pull(E,N)|NoOp
12215633326:NoOp|NoOp|NoOp|Move(S)
12215697385:NoOp|NoOp|Push(W,S)|NoOp
12215762252:NoOp|NoOp|Push(S,W)|NoOp
12215903851:NoOp|NoOp|Move(N)|NoOp
12216065214:NoOp|NoOp|NoOp|Move(W)
12216173521:NoOp|NoOp|Move(S)|NoOp
12216267285:NoOp|NoOp|Pull(N,E)|NoOp
12216397995:NoOp|NoOp|Pull(E,N)|NoOp
12216637654:NoOp|NoOp|NoOp|Move(S)
12216711791:NoOp|NoOp|Push(W,S)|NoOp
12216797621:NoOp|NoOp|Push(S,W)|NoOp
12216881358:NoOp|NoOp|Move(N)|NoOp
12216948595:NoOp|NoOp|NoOp|Move(W)
12217014107:NoOp|NoOp|Move(S)|NoOp
12217110706:NoOp|NoOp|Pull(N,E)|NoOp
12217199520:NoOp|NoOp|Pull(E,N)|NoOp
12217266630:NoOp|NoOp|NoOp|Move(W)
12217331287:NoOp|NoOp|Push(W,S)|NoOp
12217398514:NoOp|NoOp|Push(S,W)|NoOp
12217472847:NoOp|NoOp|Move(N)|NoOp
12217544980:NoOp|NoOp|NoOp|Move(W)
12217608566:NoOp|NoOp|Move(S)|NoOp
12217717869:NoOp|NoOp|Pull(N,E)|NoOp
12217851143:NoOp|NoOp|Pull(E,N)|NoOp
12217954424:NoOp|NoOp|NoOp|Move(W)
12218058253:NoOp|NoOp|Push(W,S)|NoOp
12218145828:NoOp|NoOp|Push(S,W)|NoOp
12218219664:NoOp|NoOp|Move(N)|NoOp
12218284162:NoOp|NoOp|NoOp|Move(W)
12218359628:NoOp|NoOp|Move(S)|NoOp
12218425414:NoOp|NoOp|Pull(N,E)|NoOp
12218495198:NoOp|NoOp|Pull(E,N)|NoOp
12218558693:NoOp|NoOp|NoOp|Move(W)
12218621209:NoOp|NoOp|Push(W,S)|NoOp
12218703012:NoOp|NoOp|Push(S,W)|NoOp
12218772785:NoOp|NoOp|Move(N)|NoOp
12218836063:NoOp|NoOp|NoOp|Move(S)
12218907306:NoOp|NoOp|Move(W)|NoOp
12218970492:NoOp|NoOp|Push(S,W)|NoOp
12219039174:NoOp|NoOp|Push(W,S)|NoOp
12219102792:NoOp|NoOp|Pull(E,S)|NoOp
12219165510:NoOp|NoOp|Push(W,W)|NoOp
12219264115:NoOp|NoOp|Push(S,W)|NoOp
12219378654:NoOp|NoOp|Push(W,W)|NoOp
12219446861:NoOp|NoOp|Push(N,W)|NoOp
12219510723:NoOp|NoOp|Push(W,W)|NoOp
12219572435:NoOp|NoOp|Push(W,S)|NoOp
12219656687:NoOp|NoOp|Push(S,W)|NoOp
12219737630:NoOp|NoOp|Pull(N,W)|NoOp
12219812140:NoOp|NoOp|Push(S,S)|NoOp
12219907743:NoOp|NoOp|Push(W,S)|NoOp
12219980233:NoOp|NoOp|Move(E)|NoOp
12220051502:NoOp|NoOp|Pull(E,N)|NoOp
12220123070:NoOp|NoOp|Pull(N,E)|NoOp
12220197167:NoOp|NoOp|Pull(E,N)|NoOp
12220267165:NoOp|NoOp|Pull(N,E)|NoOp
12220337270:NoOp|NoOp|Pull(E,N)|NoOp
12220409310:NoOp|NoOp|Pull(N,E)|NoOp
12220533412:NoOp|NoOp|Push(S,S)|NoOp
12220625510:NoOp|NoOp|Pull(E,N)|NoOp
12220718617:NoOp|NoOp|Pull(N,E)|NoOp
12220791549:NoOp|NoOp|Push(S,S)|NoOp
12220924435:NoOp|NoOp|Pull(E,N)|NoOp
12221064102:NoOp|NoOp|Pull(N,E)|NoOp
12221149857:NoOp|NoOp|Push(S,S)|NoOp
12221214972:NoOp|NoOp|Pull(E,N)|NoOp
12221292922:NoOp|NoOp|Pull(N,E)|NoOp
12221378485:NoOp|NoOp|Move(E)|NoOp
12221493197:NoOp|NoOp|Move(S)|NoOp
12221659413:NoOp|NoOp|Pull(N,E)|NoOp
12221748298:NoOp|NoOp|Pull(E,N)|NoOp
12221828373:NoOp|NoOp|Pull(N,E)|NoOp
12221997568:NoOp|NoOp|Push(S,S)|NoOp
12222078619:NoOp|NoOp|Pull(E,N)|NoOp
12222172356:NoOp|NoOp|Pull(N,E)|NoOp
12222258890:NoOp|NoOp|Push(S,S)|NoOp
12222375245:NoOp|NoOp|Pull(E,N)|NoOp
12222447107:NoOp|NoOp|Pull(N,E)|NoOp
12222517407:NoOp|NoOp|Push(S,S)|NoOp
12222580647:NoOp|NoOp|Pull(E,N)|NoOp
12222658776:NoOp|NoOp|Pull(N,E)|NoOp
12222747201:NoOp|NoOp|Push(S,S)|NoOp
12222833949:NoOp|NoOp|Pull(E,N)|NoOp
12222913713:NoOp|NoOp|Pull(N,E)|NoOp
12222991947:NoOp|NoOp|Push(S,S)|NoOp
12223077892:NoOp|NoOp|Pull(E,N)|NoOp
12223163140:NoOp|NoOp|Pull(N,E)|NoOp
12223292480:NoOp|NoOp|Push(S,S)|NoOp
12223396260:NoOp|NoOp|Push(S,W)|NoOp
12223497670:NoOp|NoOp|Pull(S,E)|NoOp
12223585167:NoOp|NoOp|Pull(E,N)|NoOp
12223653677:NoOp|NoOp|Push(W,W)|NoOp
12223715091:NoOp|NoOp|Push(N,W)|NoOp
12223779727:NoOp|NoOp|Push(W,W)|NoOp
12223842088:NoOp|NoOp|Pull(E,N)|NoOp
12223900876:NoOp|NoOp|Move(N)|NoOp
12223960002:NoOp|NoOp|Move(W)|NoOp
12224020867:NoOp|NoOp|Pull(E,N)|NoOp
12224079465:NoOp|NoOp|Push(W,W)|NoOp
12224140183:NoOp|NoOp|Push(W,W)|NoOp
12224219102:NoOp|NoOp|Push(W,S)|NoOp
12224343581:NoOp|NoOp|Push(S,W)|NoOp
12224411142:NoOp|NoOp|Pull(N,W)|NoOp
12224472772:NoOp|NoOp|Pull(E,N)|NoOp
12224601381:NoOp|NoOp|Push(W,W)|NoOp
12224722729:NoOp|NoOp|Push(W,W)|NoOp
12224889695:NoOp|NoOp|Push(S,W)|NoOp
12224980005:NoOp|NoOp|Push(W,W)|NoOp
12225052377:NoOp|NoOp|Push(N,W)|NoOp
12225128864:NoOp|NoOp|Push(W,W)|NoOp
12225234733:NoOp|NoOp|Push(S,W)|NoOp
12225289710:NoOp|NoOp|Push(W,W)|NoOp
12225438593:NoOp|NoOp|Push(N,W)|NoOp
12225572271:NoOp|NoOp|Push(W,W)|NoOp
12225670042:NoOp|NoOp|Push(S,S)|NoOp
12225756207:NoOp|NoOp|Move(N)|NoOp
12225818147:NoOp|NoOp|Push(W,S)|NoOp
12225906920:NoOp|NoOp|Push(S,S)|NoOp
12225983662:NoOp|NoOp|Push(S,S)|NoOp
12226060253:NoOp|NoOp|Pull(N,W)|NoOp
12226137105:NoOp|NoOp|Push(S,W)|NoOp
12226234049:NoOp|NoOp|Push(W,S)|NoOp
12226350962:NoOp|NoOp|Push(S,W)|NoOp
12226436855:NoOp|NoOp|Pull(N,W)|NoOp
12226514601:NoOp|NoOp|Push(S,S)|NoOp
12226610272:NoOp|NoOp|Push(S,W)|NoOp
12226699069:NoOp|NoOp|Push(W,W)|NoOp
12226763782:NoOp|NoOp|Push(N,W)|NoOp
12226861704:NoOp|NoOp|Push(W,W)|NoOp
12226940881:NoOp|NoOp|Push(S,W)|NoOp
12227006732:NoOp|NoOp|Move(N)|NoOp
12227074878:NoOp|NoOp|Push(W,W)|NoOp
12227150559:NoOp|NoOp|Push(W,W)|NoOp
12227237456:NoOp|NoOp|Push(W,S)|NoOp
12227360358:NoOp|NoOp|Push(S,W)|NoOp
12227439599:NoOp|NoOp|Move(N)|NoOp
12227506063:NoOp|NoOp|Move(E)|NoOp
12227560677:NoOp|NoOp|Move(E)|NoOp
12227632651:NoOp|NoOp|Move(N)|NoOp
12227716714:NoOp|NoOp|Move(N)|NoOp
12227778140:NoOp|NoOp|Move(N)|NoOp
12227831564:NoOp|NoOp|Move(E)|NoOp
12227884885:NoOp|NoOp|Move(E)|NoOp
12227936863:NoOp|NoOp|Move(E)|NoOp
12227993459:NoOp|NoOp|Move(E)|NoOp
12228069806:NoOp|NoOp|Move(E)|NoOp
12228141439:NoOp|NoOp|Move(E)|NoOp
12228233246:NoOp|NoOp|Move(E)|NoOp
12228350627:NoOp|NoOp|Move(E)|NoOp
12228427321:NoOp|NoOp|Move(E)|NoOp
12228498442:NoOp|NoOp|Move(E)|NoOp
12228583185:NoOp|NoOp|Move(N)|NoOp
12228661023:NoOp|NoOp|Move(N)|NoOp
12228768460:NoOp|NoOp|Move(E)|NoOp
12228842475:NoOp|NoOp|Move(E)|NoOp
12228919897:NoOp|NoOp|Move(E)|NoOp
12229017643:NoOp|NoOp|Move(E)|NoOp
12229102314:NoOp|NoOp|Move(E)|NoOp
12229167891:NoOp|NoOp|Move(E)|NoOp
12229247991:NoOp|NoOp|Pull(S,W)|NoOp
12229426675:NoOp|NoOp|Pull(W,S)|NoOp
12229510428:NoOp|NoOp|Pull(N,W)|NoOp
12229596791:NoOp|NoOp|Push(S,W)|NoOp
12229705260:NoOp|NoOp|Push(W,W)|NoOp
12229800805:NoOp|NoOp|Push(W,W)|NoOp
12229876610:NoOp|NoOp|Push(W,S)|NoOp
12229937678:NoOp|NoOp|Push(S,S)|NoOp
12230009699:NoOp|NoOp|Push(S,W)|NoOp
12230080579:NoOp|NoOp|Push(W,W)|NoOp
12230144251:NoOp|NoOp|Push(W,W)|NoOp
12230298968:NoOp|NoOp|Push(W,W)|NoOp
12230393761:NoOp|NoOp|Push(W,W)|NoOp
12230472860:NoOp|NoOp|Push(W,W)|NoOp
12230530734:NoOp|NoOp|Push(W,W)|NoOp
12230586343:NoOp|NoOp|Push(W,W)|NoOp
12230705536:NoOp|NoOp|Push(W,W)|NoOp
12230795136:NoOp|NoOp|Push(W,S)|NoOp
12230863893:NoOp|NoOp|Push(S,W)|NoOp
12230935690:NoOp|NoOp|Push(W,S)|NoOp
12231093109:NoOp|NoOp|Push(S,W)|NoOp
12231184067:NoOp|NoOp|Push(W,W)|NoOp
12231254274:NoOp|NoOp|Move(S)|NoOp
12231320496:NoOp|NoOp|Pull(N,E)|NoOp
12231380566:NoOp|NoOp|Push(W,S)|NoOp
12231442780:NoOp|NoOp|Move(E)|NoOp
12231498012:NoOp|NoOp|Pull(E,N)|NoOp
12231630392:NoOp|NoOp|Push(W,W)|NoOp
12231807017:NoOp|NoOp|Push(W,W)|NoOp
12231874329:NoOp|NoOp|Push(W,W)|NoOp
12231929452:NoOp|NoOp|Push(W,S)|NoOp
12232034730:NoOp|NoOp|Move(E)|NoOp
12232119249:NoOp|NoOp|Move(N)|NoOp
12232212426:NoOp|NoOp|Move(E)|NoOp
12232274065:NoOp|NoOp|Move(N)|NoOp
12232344055:NoOp|NoOp|Move(N)|NoOp
12232426527:NoOp|NoOp|Move(E)|NoOp
12232503781:NoOp|NoOp|Move(E)|NoOp
12232584649:NoOp|NoOp|Move(E)|NoOp
12232661823:NoOp|NoOp|Move(E)|NoOp
12232741669:NoOp|NoOp|Move(E)|NoOp
12232806518:NoOp|NoOp|Move(E)|NoOp
12232885074:NoOp|NoOp|Move(E)|NoOp
12232949074:NoOp|NoOp|Move(E)|NoOp
12233012065:NoOp|NoOp|Move(E)|NoOp
12233060329:NoOp|NoOp|Move(E)|NoOp
12233107201:NoOp|NoOp|Move(N)|NoOp
12233158577:NoOp|NoOp|Move(E)|NoOp
12233213805:NoOp|NoOp|Move(N)|NoOp
12233260531:NoOp|NoOp|Move(E)|NoOp
12233346501:NoOp|NoOp|Move(E)|NoOp
12233425534:NoOp|NoOp|Move(E)|NoOp
12233554577:NoOp|NoOp|Move(E)|NoOp
12233617855:NoOp|NoOp|Move(E)|NoOp
12233684111:NoOp|NoOp|Move(E)|NoOp
12233758734:NoOp|NoOp|Pull(N,W)|NoOp
12233869457:NoOp|NoOp|Push(S,W)|NoOp
12233956394:NoOp|NoOp|Push(W,S)|NoOp
12234083952:NoOp|NoOp|Push(S,S)|NoOp
12234156989:NoOp|NoOp|Push(S,W)|NoOp
12234228480:NoOp|NoOp|Push(W,W)|NoOp
12234291092:NoOp|NoOp|Push(W,S)|NoOp
12234370011:NoOp|NoOp|Push(S,W)|NoOp
12234483252:NoOp|NoOp|Push(W,W)|NoOp
12234568540:NoOp|NoOp|Push(W,W)|NoOp
12234626556:NoOp|NoOp|Push(W,W)|NoOp
12234678441:NoOp|NoOp|Push(W,W)|NoOp
12234732592:NoOp|NoOp|Push(W,W)|NoOp
12234880028:NoOp|NoOp|Push(W,W)|NoOp
12234995077:NoOp|NoOp|Push(W,W)|NoOp
12235077865:NoOp|NoOp|Push(W,W)|NoOp
12235173338:NoOp|NoOp|Push(W,W)|NoOp
12235262142:NoOp|NoOp|Push(W,W)|NoOp
12235339949:NoOp|NoOp|Push(W,W)|NoOp
12235413190:NoOp|NoOp|Push(W,W)|NoOp
12235515826:NoOp|NoOp|Push(W,S)|NoOp
12235595797:NoOp|NoOp|Push(S,S)|NoOp
12235651030:NoOp|NoOp|Push(S,S)|NoOp
12235704727:NoOp|NoOp|NoOp|Push(S,W)
12235759407:NoOp|NoOp|NoOp|Push(S,S)
12235840301:NoOp|NoOp|NoOp|Pull(W,N)
12235894427:NoOp|NoOp|NoOp|Push(N,E)
12235951101:NoOp|NoOp|NoOp|Push(E,N)
12236008567:NoOp|NoOp|NoOp|Push(N,N)
12236058157:NoOp|NoOp|NoOp|Push(N,E)
12236127459:NoOp|NoOp|NoOp|Push(E,E)
12236244228:NoOp|NoOp|NoOp|Push(E,E)
12236340739:NoOp|NoOp|NoOp|Push(E,E)
12236439805:NoOp|NoOp|NoOp|Push(E,E)
12236508546:NoOp|NoOp|NoOp|Push(E,E)
12236569739:NoOp|NoOp|NoOp|Push(E,N)
12236626791:NoOp|NoOp|NoOp|Push(N,N)
12236677397:NoOp|NoOp|NoOp|Push(N,N)
12236725015:NoOp|NoOp|NoOp|Push(N,N)
12236796479:NoOp|NoOp|NoOp|Move(W)
12236880726:NoOp|NoOp|NoOp|Move(S)
12236944555:NoOp|NoOp|NoOp|Move(S)
12237024047:NoOp|NoOp|NoOp|Move(S)
12237098870:NoOp|NoOp|NoOp|Move(W)
12237151440:NoOp|NoOp|NoOp|Move(W)
12237199548:NoOp|NoOp|NoOp|Move(W)
12237245792:NoOp|NoOp|NoOp|Move(W)
12237384070:NoOp|NoOp|NoOp|Move(W)
12237448693:NoOp|NoOp|NoOp|Move(S)
12237525356:NoOp|NoOp|NoOp|Move(S)
12237588298:NoOp|NoOp|NoOp|Pull(W,N)
12237643984:NoOp|NoOp|NoOp|Push(E,N)
12237715851:NoOp|NoOp|NoOp|Push(N,N)
12237788489:NoOp|NoOp|NoOp|Push(N,E)
12237848030:NoOp|NoOp|NoOp|Push(E,E)
12237907462:NoOp|NoOp|NoOp|Push(E,E)
12237956920:NoOp|NoOp|NoOp|Push(E,E)
12238012817:NoOp|NoOp|NoOp|Push(E,E)
12238084759:NoOp|NoOp|NoOp|Push(E,N)
12238151430:NoOp|NoOp|NoOp|Push(N,N)
12238243631:NoOp|NoOp|NoOp|Push(N,N)
12238329850:NoOp|NoOp|NoOp|Push(N,N)
12238421485:Push(E,N)|NoOp|NoOp|NoOp
12238609914:Push(N,E)|NoOp|NoOp|NoOp
12238740459:Move(S)|NoOp|NoOp|NoOp
12238810850:Push(E,E)|NoOp|NoOp|NoOp
12238916281:Push(E,E)|NoOp|NoOp|NoOp
12238998307:Move(W)|NoOp|NoOp|NoOp
12239065708:Pull(E,S)|NoOp|NoOp|NoOp
12239130086:Push(E,E)|NoOp|NoOp|NoOp
12239194856:Move(W)|NoOp|NoOp|NoOp
12239275989:Push(W,W)|NoOp|NoOp|NoOp
12239368864:Pull(N,E)|NoOp|NoOp|NoOp
12239437284:Push(S,E)|NoOp|NoOp|NoOp
12239500774:Push(E,E)|NoOp|NoOp|NoOp
12239567977:Push(E,N)|NoOp|NoOp|NoOp
12239622878:Push(E,E)|NoOp|NoOp|NoOp
12239716101:Move(W)|NoOp|NoOp|NoOp
12239818465:Pull(E,S)|NoOp|NoOp|NoOp
12239956727:Push(E,E)|NoOp|NoOp|NoOp
12240035938:Move(W)|NoOp|NoOp|NoOp
12240101714:Pull(S,E)|NoOp|NoOp|NoOp
12240156696:Push(N,E)|NoOp|NoOp|NoOp
12240215043:Push(E,N)|NoOp|NoOp|NoOp
12240274547:Push(E,S)|NoOp|NoOp|NoOp
12240334848:Move(W)|NoOp|NoOp|NoOp
12240404674:Pull(E,S)|NoOp|NoOp|NoOp
12240467088:Push(S,S)|NoOp|NoOp|NoOp
12240521075:Move(N)|NoOp|NoOp|NoOp
12240590075:Pull(S,E)|NoOp|NoOp|NoOp
12240645116:Push(S,E)|NoOp|NoOp|NoOp
12240710907:Push(E,E)|NoOp|NoOp|NoOp
12240787476:Push(E,E)|NoOp|NoOp|NoOp
12240873054:Move(W)|NoOp|NoOp|NoOp
12240946824:Move(W)|NoOp|NoOp|NoOp
12241013439:Move(N)|NoOp|NoOp|NoOp
12241087695:Push(N,N)|NoOp|NoOp|NoOp
12241165092:Pull(W,S)|NoOp|NoOp|NoOp
12241275378:Push(E,S)|NoOp|NoOp|NoOp
12241365117:Push(S,S)|NoOp|NoOp|NoOp
12241459231:Push(S,E)|NoOp|NoOp|NoOp
12241555318:Push(E,E)|NoOp|NoOp|NoOp
12241658675:Push(E,S)|NoOp|NoOp|NoOp
12241733499:Push(S,E)|NoOp|NoOp|NoOp
12241800357:Push(E,E)|NoOp|NoOp|NoOp
12241866624:Push(N,E)|NoOp|NoOp|NoOp
12241991464:Push(E,E)|NoOp|NoOp|NoOp
12242093366:Push(S,E)|NoOp|NoOp|NoOp
12242148000:Push(E,E)|NoOp|NoOp|NoOp
12242271664:Push(N,E)|NoOp|NoOp|NoOp
12242465357:Push(E,E)|NoOp|NoOp|NoOp
12242674564:Push(S,E)|NoOp|NoOp|NoOp
12242820617:Push(E,E)|NoOp|NoOp|NoOp
12242908614:Push(N,E)|NoOp|NoOp|NoOp
12242980654:Push(E,E)|NoOp|NoOp|NoOp
12243106075:Push(S,E)|NoOp|NoOp|NoOp
12243197521:Push(E,E)|NoOp|NoOp|NoOp
12243299080:Push(N,E)|NoOp|NoOp|NoOp
12243381036:Push(E,E)|NoOp|NoOp|NoOp
12243444555:Pull(W,N)|NoOp|NoOp|NoOp
12243511016:Push(E,N)|NoOp|NoOp|NoOp
12243564981:Push(N,E)|NoOp|NoOp|NoOp
12243670540:Push(E,N)|NoOp|NoOp|NoOp
12243749672:Pull(W,N)|NoOp|NoOp|NoOp
12243838142:Move(N)|NoOp|NoOp|NoOp
12243905892:Push(E,E)|NoOp|NoOp|NoOp
12243976586:Push(E,E)|NoOp|NoOp|NoOp
12244067629:Move(W)|NoOp|NoOp|NoOp
12244127881:Pull(E,N)|NoOp|NoOp|NoOp
12244215507:Push(E,E)|NoOp|NoOp|NoOp
12244293888:Move(W)|NoOp|NoOp|NoOp
12244339151:Pull(N,E)|NoOp|NoOp|NoOp
12244415108:Push(S,E)|NoOp|NoOp|NoOp
12244497353:Push(E,N)|NoOp|NoOp|NoOp
12244567021:Push(N,E)|NoOp|NoOp|NoOp
12244650919:Push(E,E)|NoOp|NoOp|NoOp
12244726930:Push(S,E)|NoOp|NoOp|NoOp
12244796507:Push(E,S)|NoOp|NoOp|NoOp
12244859296:Push(S,S)|NoOp|NoOp|NoOp
12244921386:Push(S,W)|NoOp|NoOp|NoOp
12244983014:Move(N)|NoOp|NoOp|NoOp
12245045761:Move(N)|NoOp|NoOp|NoOp
12245104607:Pull(W,S)|NoOp|NoOp|NoOp
12245163276:Push(E,S)|NoOp|NoOp|NoOp
12245221213:Push(S,S)|NoOp|NoOp|NoOp
12245284450:Push(S,S)|NoOp|NoOp|NoOp
12245380372:Push(S,S)|NoOp|NoOp|NoOp
12245437788:Push(S,W)|NoOp|NoOp|NoOp
12245493821:Push(W,S)|NoOp|NoOp|NoOp
12245557871:Move(N)|NoOp|NoOp|NoOp
12245616111:Pull(E,S)|NoOp|NoOp|NoOp
12245679504:Push(W,S)|NoOp|NoOp|NoOp
12245737096:Push(S,E)|NoOp|NoOp|NoOp
12245795678:Push(E,S)|NoOp|NoOp|NoOp
12245849739:Push(S,S)|NoOp|NoOp|NoOp
12245900390:Push(W,S)|NoOp|NoOp|NoOp
12245958817:Push(S,S)|NoOp|NoOp|NoOp
12246000804:Pull(N,W)|NoOp|NoOp|NoOp
12246038100:Move(E)|NoOp|NoOp|NoOp
12246073577:Move(N)|NoOp|NoOp|NoOp
12246108824:Move(N)|NoOp|NoOp|NoOp
12246147667:Move(N)|NoOp|NoOp|NoOp
12246182325:Move(N)|NoOp|NoOp|NoOp
12246241551:Move(N)|NoOp|NoOp|NoOp
12246281949:Move(W)|NoOp|NoOp|NoOp
12246321031:Move(W)|NoOp|NoOp|NoOp
12246355538:Move(W)|NoOp|NoOp|NoOp
12246413357:Move(W)|NoOp|NoOp|NoOp
12246489675:Move(S)|NoOp|NoOp|NoOp
12246578634:Move(W)|NoOp|NoOp|NoOp
12248415959:Move(S)|NoOp|NoOp|NoOp
12248688861:Move(W)|NoOp|NoOp|NoOp
12250921533:Move(W)|NoOp|NoOp|NoOp
12256875289:Move(W)|NoOp|NoOp|NoOp
12259119975:Move(W)|NoOp|NoOp|NoOp
12263411606:Move(W)|NoOp|NoOp|NoOp
12267330266:Move(W)|NoOp|NoOp|NoOp
12269167242:Move(W)|NoOp|NoOp|NoOp
12269658911:Move(W)|NoOp|NoOp|NoOp
12271417291:Move(W)|NoOp|NoOp|NoOp
12305380338:Move(W)|NoOp|NoOp|NoOp
12306352949:Move(N)|NoOp|NoOp|NoOp
12306485033:Move(N)|NoOp|NoOp|NoOp
12306576783:Move(W)|NoOp|NoOp|NoOp
12306659070:Move(W)|NoOp|NoOp|NoOp
12306751014:Move(W)|NoOp|NoOp|NoOp
12306865706:Move(W)|NoOp|NoOp|NoOp
12307006445:Move(W)|NoOp|NoOp|NoOp
12307132492:Move(N)|NoOp|NoOp|NoOp
12308883829:Move(W)|NoOp|NoOp|NoOp
12309088585:Move(N)|NoOp|NoOp|NoOp
12310510206:Move(N)|NoOp|NoOp|NoOp
12310691784:Move(W)|NoOp|NoOp|NoOp
12310795579:Move(W)|NoOp|NoOp|NoOp
12311178246:Push(W,S)|NoOp|NoOp|NoOp
12311321572:Push(S,E)|NoOp|NoOp|NoOp
12311743787:Push(E,S)|NoOp|NoOp|NoOp
12311849939:Push(S,E)|NoOp|NoOp|NoOp
12311939734:Push(E,E)|NoOp|NoOp|NoOp
12312035037:Push(E,S)|NoOp|NoOp|NoOp
12312156055:Push(S,E)|NoOp|NoOp|NoOp
12312262980:Push(E,E)|NoOp|NoOp|NoOp
12312363291:Push(E,E)|NoOp|NoOp|NoOp
12312558923:Push(E,E)|NoOp|NoOp|NoOp
12312761212:Push(E,E)|NoOp|NoOp|NoOp
12312879525:Push(E,E)|NoOp|NoOp|NoOp
12312967823:Push(E,S)|NoOp|NoOp|NoOp
12313068600:Push(S,S)|NoOp|NoOp|NoOp
12313174357:Push(S,E)|NoOp|NoOp|NoOp
12313277795:Push(E,E)|NoOp|NoOp|NoOp
12313340584:Push(E,E)|NoOp|NoOp|NoOp
12313512267:Push(E,E)|NoOp|NoOp|NoOp
12313622566:Push(E,E)|NoOp|NoOp|NoOp
12313785768:Push(E,E)|NoOp|NoOp|NoOp
12313885898:Push(E,E)|NoOp|NoOp|NoOp
12314036161:Push(E,E)|NoOp|NoOp|NoOp
12314196251:Push(E,E)|NoOp|NoOp|NoOp
12314324371:Push(E,E)|NoOp|NoOp|NoOp
12314425834:Push(E,E)|NoOp|NoOp|NoOp
12314530606:Push(E,N)|NoOp|NoOp|NoOp
12314593182:Push(N,N)|NoOp|NoOp|NoOp
12314677214:Push(N,E)|NoOp|NoOp|NoOp
12315252821:Push(E,E)|NoOp|NoOp|NoOp
12315344503:Push(E,E)|NoOp|NoOp|NoOp
12315451415:Push(E,E)|NoOp|NoOp|NoOp
12315562757:Push(E,S)|NoOp|NoOp|NoOp
12315670730:Push(S,S)|NoOp|NoOp|NoOp
12315774400:Push(S,W)|NoOp|NoOp|NoOp
12316101105:Push(W,S)|NoOp|NoOp|NoOp
12316204525:Push(S,S)|NoOp|NoOp|NoOp
12316265820:Push(S,S)|NoOp|NoOp|NoOp
12316359994:Push(S,E)|NoOp|NoOp|NoOp
12316476847:Push(E,S)|NoOp|NoOp|NoOp
12316636966:Push(S,S)|NoOp|NoOp|NoOp
12316740870:Push(S,S)|NoOp|NoOp|NoOp
12316852281:Push(S,W)|NoOp|NoOp|NoOp
#end
#solved
true
#numactions
633
#time
12316852281
#end
